// Jest Snapshot v1, https://goo.gl/fbAQLP

exports[`Meta renders correctly 1`] = `
<div
  className="meta"
>
  <p
    className="meta__date"
  >
    <b>
      1 Jun 2019
    </b>
  </p>
</div>
`;
