// Jest Snapshot v1, https://goo.gl/fbAQLP

exports[`Banner renders correctly 1`] = `
<div
  className="banner"
>
  <img
    alt="test"
    src="/media/sample.jpg"
  />
  <p
    className="banner__caption"
  >
    <i>
      <a
        href="https://testing.com/path"
        rel="noopener noreferrer"
        target="_blank"
      >
        Â© 
        https://testing.com/path
      </a>
    </i>
  </p>
  <div
    className="meta"
  >
    <p
      className="meta__date"
    >
      <b>
        1 May 2019
      </b>
    </p>
  </div>
</div>
`;
